should handle envFrom ConfigMap:
  1: |
    apiVersion: apps/v1
    kind: Deployment
    metadata:
      annotations: null
      labels:
        app.kubernetes.io/instance: RELEASE-NAME
        app.kubernetes.io/managed-by: Helm
        app.kubernetes.io/name: envfrom-cm-app
        app.kubernetes.io/part-of: homeserver
        app.kubernetes.io/version: 0.1.0
        helm.sh/chart: homeserver-app-0.1.0
        homeserver/vpn: "false"
      name: envfrom-cm-app
      namespace: NAMESPACE
    spec:
      replicas: 1
      revisionHistoryLimit: 3
      selector:
        matchLabels:
          app.kubernetes.io/instance: RELEASE-NAME
          app.kubernetes.io/name: envfrom-cm-app
      strategy:
        type: Recreate
      template:
        metadata:
          annotations: null
          labels:
            app.kubernetes.io/instance: RELEASE-NAME
            app.kubernetes.io/managed-by: Helm
            app.kubernetes.io/name: envfrom-cm-app
            app.kubernetes.io/part-of: homeserver
            app.kubernetes.io/version: 0.1.0
            helm.sh/chart: homeserver-app-0.1.0
            homeserver/vpn: "false"
        spec:
          affinity: null
          automountServiceAccountToken: false
          containers:
            - env:
                - name: TZ
                  value: UTC
                - name: KUBERNETES_POD_IP
                  valueFrom:
                    fieldRef:
                      fieldPath: status.podIP
              envFrom:
                - configMapRef:
                    name: app-config
                    optional: false
              image: app:1.0
              imagePullPolicy: IfNotPresent
              name: envfrom-cm-app
              ports:
                - containerPort: 8080
                  name: http
                  protocol: TCP
              resources: null
              securityContext:
                readOnlyRootFilesystem: false
                runAsNonRoot: false
                seLinuxOptions: {}
                seccompProfile:
                  type: RuntimeDefault
              volumeMounts:
                - mountPath: /tmp
                  name: empty-dir
                  subPath: tmp-dir
                - mountPath: /log
                  name: empty-dir
                  subPath: log-dir
          enableServiceLinks: false
          priorityClassName: NAMESPACE-normal-priority
          securityContext:
            fsGroup: 1000
            fsGroupChangePolicy: Always
            supplementalGroups: []
            sysctls: []
          tolerations: null
          volumes:
            - emptyDir: {}
              name: empty-dir
should handle envFrom Secret:
  1: |
    apiVersion: apps/v1
    kind: Deployment
    metadata:
      annotations: null
      labels:
        app.kubernetes.io/instance: RELEASE-NAME
        app.kubernetes.io/managed-by: Helm
        app.kubernetes.io/name: envfrom-secret-app
        app.kubernetes.io/part-of: homeserver
        app.kubernetes.io/version: 0.1.0
        helm.sh/chart: homeserver-app-0.1.0
        homeserver/vpn: "false"
      name: envfrom-secret-app
      namespace: NAMESPACE
    spec:
      replicas: 1
      revisionHistoryLimit: 3
      selector:
        matchLabels:
          app.kubernetes.io/instance: RELEASE-NAME
          app.kubernetes.io/name: envfrom-secret-app
      strategy:
        type: Recreate
      template:
        metadata:
          annotations: null
          labels:
            app.kubernetes.io/instance: RELEASE-NAME
            app.kubernetes.io/managed-by: Helm
            app.kubernetes.io/name: envfrom-secret-app
            app.kubernetes.io/part-of: homeserver
            app.kubernetes.io/version: 0.1.0
            helm.sh/chart: homeserver-app-0.1.0
            homeserver/vpn: "false"
        spec:
          affinity: null
          automountServiceAccountToken: false
          containers:
            - env:
                - name: TZ
                  value: UTC
                - name: KUBERNETES_POD_IP
                  valueFrom:
                    fieldRef:
                      fieldPath: status.podIP
              envFrom:
                - secretRef:
                    name: app-secrets
                    optional: false
              image: app:1.0
              imagePullPolicy: IfNotPresent
              name: envfrom-secret-app
              ports:
                - containerPort: 8080
                  name: http
                  protocol: TCP
              resources: null
              securityContext:
                readOnlyRootFilesystem: false
                runAsNonRoot: false
                seLinuxOptions: {}
                seccompProfile:
                  type: RuntimeDefault
              volumeMounts:
                - mountPath: /tmp
                  name: empty-dir
                  subPath: tmp-dir
                - mountPath: /log
                  name: empty-dir
                  subPath: log-dir
          enableServiceLinks: false
          priorityClassName: NAMESPACE-normal-priority
          securityContext:
            fsGroup: 1000
            fsGroupChangePolicy: Always
            supplementalGroups: []
            sysctls: []
          tolerations: null
          volumes:
            - emptyDir: {}
              name: empty-dir
should handle environment from secrets:
  1: |
    apiVersion: apps/v1
    kind: Deployment
    metadata:
      annotations: null
      labels:
        app.kubernetes.io/instance: RELEASE-NAME
        app.kubernetes.io/managed-by: Helm
        app.kubernetes.io/name: secret-env-app
        app.kubernetes.io/part-of: homeserver
        app.kubernetes.io/version: 0.1.0
        helm.sh/chart: homeserver-app-0.1.0
        homeserver/vpn: "false"
      name: secret-env-app
      namespace: NAMESPACE
    spec:
      replicas: 1
      revisionHistoryLimit: 3
      selector:
        matchLabels:
          app.kubernetes.io/instance: RELEASE-NAME
          app.kubernetes.io/name: secret-env-app
      strategy:
        type: Recreate
      template:
        metadata:
          annotations: null
          labels:
            app.kubernetes.io/instance: RELEASE-NAME
            app.kubernetes.io/managed-by: Helm
            app.kubernetes.io/name: secret-env-app
            app.kubernetes.io/part-of: homeserver
            app.kubernetes.io/version: 0.1.0
            helm.sh/chart: homeserver-app-0.1.0
            homeserver/vpn: "false"
        spec:
          affinity: null
          automountServiceAccountToken: false
          containers:
            - env:
                - name: TZ
                  value: UTC
                - name: KUBERNETES_POD_IP
                  valueFrom:
                    fieldRef:
                      fieldPath: status.podIP
                - name: DATABASE_URL
                  valueFrom:
                    secretKeyRef:
                      key: url
                      name: db-credentials
                      optional: false
                - name: API_KEY
                  valueFrom:
                    secretKeyRef:
                      key: key
                      name: api-secrets
                      optional: false
              image: app:1.0
              imagePullPolicy: IfNotPresent
              name: secret-env-app
              ports:
                - containerPort: 8080
                  name: http
                  protocol: TCP
              resources: null
              securityContext:
                readOnlyRootFilesystem: false
                runAsNonRoot: false
                seLinuxOptions: {}
                seccompProfile:
                  type: RuntimeDefault
              volumeMounts:
                - mountPath: /tmp
                  name: empty-dir
                  subPath: tmp-dir
                - mountPath: /log
                  name: empty-dir
                  subPath: log-dir
          enableServiceLinks: false
          priorityClassName: NAMESPACE-normal-priority
          securityContext:
            fsGroup: 1000
            fsGroupChangePolicy: Always
            supplementalGroups: []
            sysctls: []
          tolerations: null
          volumes:
            - emptyDir: {}
              name: empty-dir
should handle extraEnv variables:
  1: |
    apiVersion: apps/v1
    kind: Deployment
    metadata:
      annotations: null
      labels:
        app.kubernetes.io/instance: RELEASE-NAME
        app.kubernetes.io/managed-by: Helm
        app.kubernetes.io/name: extraenv-app
        app.kubernetes.io/part-of: homeserver
        app.kubernetes.io/version: 0.1.0
        helm.sh/chart: homeserver-app-0.1.0
        homeserver/vpn: "false"
      name: extraenv-app
      namespace: NAMESPACE
    spec:
      replicas: 1
      revisionHistoryLimit: 3
      selector:
        matchLabels:
          app.kubernetes.io/instance: RELEASE-NAME
          app.kubernetes.io/name: extraenv-app
      strategy:
        type: Recreate
      template:
        metadata:
          annotations: null
          labels:
            app.kubernetes.io/instance: RELEASE-NAME
            app.kubernetes.io/managed-by: Helm
            app.kubernetes.io/name: extraenv-app
            app.kubernetes.io/part-of: homeserver
            app.kubernetes.io/version: 0.1.0
            helm.sh/chart: homeserver-app-0.1.0
            homeserver/vpn: "false"
        spec:
          affinity: null
          automountServiceAccountToken: false
          containers:
            - env:
                - name: TZ
                  value: UTC
                - name: KUBERNETES_POD_IP
                  valueFrom:
                    fieldRef:
                      fieldPath: status.podIP
                - name: APP_MODE
                  value: production
                - name: LOG_LEVEL
                  value: info
              image: app:1.0
              imagePullPolicy: IfNotPresent
              name: extraenv-app
              ports:
                - containerPort: 8080
                  name: http
                  protocol: TCP
              resources: null
              securityContext:
                readOnlyRootFilesystem: false
                runAsNonRoot: false
                seLinuxOptions: {}
                seccompProfile:
                  type: RuntimeDefault
              volumeMounts:
                - mountPath: /tmp
                  name: empty-dir
                  subPath: tmp-dir
                - mountPath: /log
                  name: empty-dir
                  subPath: log-dir
          enableServiceLinks: false
          priorityClassName: NAMESPACE-normal-priority
          securityContext:
            fsGroup: 1000
            fsGroupChangePolicy: Always
            supplementalGroups: []
            sysctls: []
          tolerations: null
          volumes:
            - emptyDir: {}
              name: empty-dir
